=== JOURNAL DES SUPPRESSIONS ===
Créé le : 22/04/2026 14:03:36
=== FIN D'EN-TÊTE ===

========================================
Date suppression: 22/04/2026 14:03:36
Supprimé par: Utilisateur
Référence: TRANS-20260422-0003
Type: Facture
Mode paiement: Carte bancaire
Statut: Paye
Catégorie: Recette
Montant: 1200.000 DT
Date transaction: 22/04/2026
Projet: Agence Wafa
========================================

========================================
Date suppression: 22/04/2026 14:20:05
Référence: TRANS-20260422-0004
Type: Facture
Mode paiement: Carte bancaire
Statut: Paye
Catégorie: Recette
Montant: 6000.000 DT
Date transaction: 22/04/2026
Projet: Appart Sana
========================================

