=== JOURNAL DES SUPPRESSIONS ===
Créé le : 22/04/2026 14:03:36
=== FIN D'EN-TÊTE ===

========================================
Date suppression: 22/04/2026 14:03:36
Supprimé par: Utilisateur
Référence: TRANS-20260422-0003
Type: Facture
Mode paiement: Carte bancaire
Statut: Paye
Catégorie: Recette
Montant: 1200.000 DT
Date transaction: 22/04/2026
Projet: Agence Wafa
========================================

========================================
Date suppression: 22/04/2026 14:20:05
Référence: TRANS-20260422-0004
Type: Facture
Mode paiement: Carte bancaire
Statut: Paye
Catégorie: Recette
Montant: 6000.000 DT
Date transaction: 22/04/2026
Projet: Appart Sana
========================================

========================================
Date suppression: 22/04/2026 19:26:57
Référence: TRANS-20260422-0004
Type: Facture
Mode paiement: Cheque
Statut: Paye
Catégorie: Recette
Montant: 1300.000 DT
Date transaction: 22/04/2026
Projet: Agence Wafa
========================================

========================================
Date suppression: 29/04/2026 12:36:26
Référence: TRANS-20260422-0006
Type: Devis
Mode paiement: Carte bancaire
Statut: Paye
Catégorie: Depense
Montant: 450.000 DT
Date transaction: 22/04/2026
Projet: Appart Zied
========================================

========================================
Date suppression: 29/04/2026 13:48:46
Référence: TRANS-20260422-0007
Type: Facture
Mode paiement: Virement
Statut: Paye
Catégorie: Recette
Montant: 1200.000 DT
Date transaction: 19/04/2027
Projet: Bain Olfa
========================================

========================================
Date suppression: 29/04/2026 13:49:09
Référence: TRANS-20260423-0001
Type: Facture
Mode paiement: Especes
Statut: Paye
Catégorie: Recette
Montant: 500.000 DT
Date transaction: 23/04/2026
Projet: Agence Wafa
========================================

========================================
Date suppression: 29/04/2026 13:49:41
Référence: TRANS-20260422-0001
Type: Facture
Mode paiement: Virement
Statut: Paye
Catégorie: Recette
Montant: 600.000 DT
Date transaction: 22/04/2026
Projet: Agence Slim
========================================

========================================
Date suppression: 29/04/2026 14:04:08
Référence: TRANS-20260429-0001
Type: Facture
Mode paiement: Carte bancaire
Statut: Paye
Catégorie: Recette
Montant: 500.000 DT
Date transaction: 29/04/2026
Projet: Bain Majdi
========================================

========================================
Date suppression: 29/04/2026 14:12:05
Référence: TRANS-20260422-0004
Type: Facture
Mode paiement: Carte bancaire
Statut: Paye
Catégorie: Recette
Montant: 400.000 DT
Date transaction: 22/04/2026
Projet: Agence Wafa
========================================

========================================
Date suppression: 29/04/2026 14:12:11
Référence: TRANS-20260422-0002
Type: Facture
Mode paiement: Carte bancaire
Statut: Paye
Catégorie: Depense
Montant: 600.000 DT
Date transaction: 22/04/2026
Projet: Agence Sofra
========================================

========================================
Date suppression: 29/04/2026 14:21:33
Référence: TRANS-20260429-0001
Type: Facture
Mode paiement: Carte bancaire
Statut: Paye
Catégorie: Recette
Montant: 500.000 DT
Date transaction: 23/04/2026
Projet: Agence Wafa
========================================

========================================
Date suppression: 29/04/2026 15:14:46
Référence: TRANS-20260429-0001
Type: Facture
Mode paiement: Carte bancaire
Statut: Paye
Catégorie: Recette
Montant: 500.000 DT
Date transaction: 29/04/2026
Projet: Agence Sofra
========================================

========================================
Date suppression: 29/04/2026 15:17:53
Référence: TRANS-20260429-0001
Type: Facture
Mode paiement: Carte bancaire
Statut: En attente
Catégorie: Depense
Montant: 20.000 DT
Date transaction: 30/04/2026
Projet: Appart Sana
========================================

========================================
Date suppression: 29/04/2026 15:23:26
Référence: TRANS-20260429-0001
Type: Facture
Mode paiement: Carte bancaire
Statut: Paye
Catégorie: Recette
Montant: 10.000 DT
Date transaction: 30/04/2026
Projet: Agence Sofra
========================================

========================================
Date suppression: 29/04/2026 22:06:08
Référence: TRANS-20260429-0001
Type: Facture
Mode paiement: Carte bancaire
Statut: En attente
Catégorie: Recette
Montant: 500.000 DT
Date transaction: 29/04/2026
Projet: Aucun projet
========================================

========================================
Date suppression: 29/04/2026 22:07:04
Référence: TRANS-20260429-0001
Type: Facture
Mode paiement: Carte bancaire
Statut: Paye
Catégorie: Recette
Montant: 500.000 DT
Date transaction: 29/04/2026
Projet: Agence Slim
========================================

========================================
Date suppression: 30/04/2026 11:57:16
Référence: TRANS-20260429-0005
Type: Facture
Mode paiement: Carte bancaire
Statut: Paye
Catégorie: Depense
Montant: 400.000 DT
Date transaction: 29/04/2026
Projet: Agence Wafa
========================================

========================================
Date suppression: 30/04/2026 12:00:58
Référence: TRANS-20260429-0002
Type: Facture
Mode paiement: Carte bancaire
Statut: Paye
Catégorie: Recette
Montant: 200.000 DT
Date transaction: 29/04/2026
Projet: Aucun projet
========================================

========================================
Date suppression: 30/04/2026 12:01:58
Référence: TRANS-20260429-0003
Type: Facture
Mode paiement: Carte bancaire
Statut: Paye
Catégorie: Recette
Montant: 3000.000 DT
Date transaction: 29/04/2026
Projet: Appart Sana
========================================

========================================
Date suppression: 30/04/2026 12:07:34
Référence: TRANS-20260429-0004
Type: Facture
Mode paiement: Carte bancaire
Statut: Paye
Catégorie: Recette
Montant: 1200.000 DT
Date transaction: 29/04/2026
Projet: Agence Wafa
========================================

========================================
Date suppression: 30/04/2026 12:37:50
Référence: TRANS-20260429-0001
Type: Facture
Mode paiement: Carte bancaire
Statut: Paye
Catégorie: Recette
Montant: 500.000 DT
Date transaction: 29/04/2026
Projet: Aucun projet
========================================

========================================
Date suppression: 30/04/2026 13:38:03
Référence: TRANS-20260430-0001
Type: Facture
Mode paiement: Carte bancaire
Statut: Paye
Catégorie: Recette
Montant: 5000.000 DT
Date transaction: 30/04/2026
Projet: Appart Sana
========================================

========================================
Date suppression: 30/04/2026 13:44:05
Référence: TRANS-20260430-0002
Type: Facture
Mode paiement: Carte bancaire
Statut: Paye
Catégorie: Recette
Montant: 600.000 DT
Date transaction: 30/04/2026
Projet: Agence Slim
========================================

========================================
Date suppression: 30/04/2026 13:47:57
Référence: TRANS-20260430-0006
Type: Facture
Mode paiement: Carte bancaire
Statut: Paye
Catégorie: Depense
Montant: 600.000 DT
Date transaction: 30/04/2026
Projet: Aucun projet
========================================

========================================
Date suppression: 30/04/2026 13:49:12
Référence: TRANS-20260430-0004
Type: Facture
Mode paiement: Carte bancaire
Statut: Paye
Catégorie: Depense
Montant: 1000.000 DT
Date transaction: 30/04/2026
Projet: Agence Wafa
========================================

========================================
Date suppression: 30/04/2026 13:50:55
Référence: TRANS-20260430-0010
Type: Facture
Mode paiement: Carte bancaire
Statut: Paye
Catégorie: Depense
Montant: 2000.000 DT
Date transaction: 30/04/2026
Projet: Agence Slim
========================================

========================================
Date suppression: 30/04/2026 13:57:54
Référence: TRANS-20260430-0011
Type: Facture
Mode paiement: Carte bancaire
Statut: Paye
Catégorie: Recette
Montant: 1.000 DT
Date transaction: 30/04/2026
Projet: Agence Wafa
========================================

========================================
Date suppression: 30/04/2026 14:11:37
Référence: TRANS-20260430-0011
Type: Facture
Mode paiement: Carte bancaire
Statut: Paye
Catégorie: Recette
Montant: 2.000 DT
Date transaction: 30/04/2026
Projet: Aucun projet
========================================

========================================
Date suppression: 30/04/2026 14:31:51
Référence: TRANS-20260430-0012
Type: Facture
Mode paiement: Carte bancaire
Statut: Paye
Catégorie: Recette
Montant: 2.000 DT
Date transaction: 30/04/2026
Projet: Aucun projet
========================================

========================================
Date suppression: 06/05/2026 11:50:05
Référence: TRANS-20260430-0003
Type: Facture
Mode paiement: Carte bancaire
Statut: Paye
Catégorie: Recette
Montant: 6000.000 DT
Date transaction: 30/04/2026
Projet: Appart Sana
========================================

========================================
Date suppression: 06/05/2026 12:24:56
Référence: TRANS-20260430-0011
Type: Facture
Mode paiement: Carte bancaire
Statut: Paye
Catégorie: Recette
Montant: 2.000 DT
Date transaction: 30/04/2026
Projet: Aucun projet
========================================

========================================
Date suppression: 06/05/2026 12:26:32
Référence: TRANS-20260506-0001
Type: Facture
Mode paiement: Carte bancaire
Statut: Paye
Catégorie: Recette
Montant: 2.000 DT
Date transaction: 06/05/2026
Projet: Aucun projet
========================================

========================================
Date suppression: 06/05/2026 13:17:32
Référence: TRANS-20260506-0001
Type: Facture
Mode paiement: Carte bancaire
Statut: Paye
Catégorie: Recette
Montant: 2.000 DT
Date transaction: 06/05/2026
Projet: Agence Sofra
========================================

========================================
Date suppression: 06/05/2026 14:55:43
Référence: TRANS-20260506-0001
Type: Facture
Mode paiement: Carte bancaire
Statut: Paye
Catégorie: Recette
Montant: 1000.000 DT
Date transaction: 06/05/2026
Projet: Appart Sana
========================================

========================================
Date suppression: 07/05/2026 11:52:35
Référence: TRANS-20260507-0001
Type: Facture
Mode paiement: Carte bancaire
Statut: Paye
Catégorie: Recette
Montant: 560.000 DT
Date transaction: 07/05/2026
Projet: Agence Sofra
========================================

